<?xml version="1.0" encoding="ISO-8859-1" ?>
<link_info>
   <banner>TI ARM Linker PC v18.12.2.LTS</banner>
   <copyright>Copyright (c) 1996-2018 Texas Instruments Incorporated</copyright>
   <link_time>0x5eaa9601</link_time>
   <link_errors>0x0</link_errors>
   <output_file>BTP_2_Flow.out</output_file>
   <entry_point>
      <name>_c_int00_noargs</name>
      <address>0x14ad</address>
   </entry_point>
   <input_file_list>
      <input_file id="fl-2">
         <path>.\</path>
         <kind>object</kind>
         <file>ADC.obj</file>
         <name>ADC.obj</name>
      </input_file>
      <input_file id="fl-3">
         <path>.\</path>
         <kind>object</kind>
         <file>ADHOC.obj</file>
         <name>ADHOC.obj</name>
      </input_file>
      <input_file id="fl-4">
         <path>.\</path>
         <kind>object</kind>
         <file>Flash.obj</file>
         <name>Flash.obj</name>
      </input_file>
      <input_file id="fl-5">
         <path>.\</path>
         <kind>object</kind>
         <file>SSI.obj</file>
         <name>SSI.obj</name>
      </input_file>
      <input_file id="fl-6">
         <path>.\</path>
         <kind>object</kind>
         <file>UART.obj</file>
         <name>UART.obj</name>
      </input_file>
      <input_file id="fl-7">
         <path>.\</path>
         <kind>object</kind>
         <file>main.obj</file>
         <name>main.obj</name>
      </input_file>
      <input_file id="fl-8">
         <path>.\</path>
         <kind>object</kind>
         <file>tm4c123gh6pm_startup_ccs.obj</file>
         <name>tm4c123gh6pm_startup_ccs.obj</name>
      </input_file>
      <input_file id="fl-d">
         <kind>object</kind>
         <file>&lt;internal&gt;</file>
         <name>&lt;internal&gt;</name>
      </input_file>
      <input_file id="fl-e">
         <path>C:\ti\TivaWare_C_Series-2.1.4.178\driverlib\ccs\Debug\</path>
         <kind>archive</kind>
         <file>driverlib.lib</file>
         <name>adc.obj</name>
      </input_file>
      <input_file id="fl-f">
         <path>C:\ti\TivaWare_C_Series-2.1.4.178\driverlib\ccs\Debug\</path>
         <kind>archive</kind>
         <file>driverlib.lib</file>
         <name>gpio.obj</name>
      </input_file>
      <input_file id="fl-10">
         <path>C:\ti\TivaWare_C_Series-2.1.4.178\driverlib\ccs\Debug\</path>
         <kind>archive</kind>
         <file>driverlib.lib</file>
         <name>interrupt.obj</name>
      </input_file>
      <input_file id="fl-11">
         <path>C:\ti\TivaWare_C_Series-2.1.4.178\driverlib\ccs\Debug\</path>
         <kind>archive</kind>
         <file>driverlib.lib</file>
         <name>ssi.obj</name>
      </input_file>
      <input_file id="fl-12">
         <path>C:\ti\TivaWare_C_Series-2.1.4.178\driverlib\ccs\Debug\</path>
         <kind>archive</kind>
         <file>driverlib.lib</file>
         <name>sysctl.obj</name>
      </input_file>
      <input_file id="fl-13">
         <path>C:\ti\TivaWare_C_Series-2.1.4.178\driverlib\ccs\Debug\</path>
         <kind>archive</kind>
         <file>driverlib.lib</file>
         <name>timer.obj</name>
      </input_file>
      <input_file id="fl-14">
         <path>C:\ti\TivaWare_C_Series-2.1.4.178\driverlib\ccs\Debug\</path>
         <kind>archive</kind>
         <file>driverlib.lib</file>
         <name>uart.obj</name>
      </input_file>
      <input_file id="fl-15">
         <path>C:\ti\TivaWare_C_Series-2.1.4.178\driverlib\ccs\Debug\</path>
         <kind>archive</kind>
         <file>driverlib.lib</file>
         <name>cpu.obj</name>
      </input_file>
      <input_file id="fl-cb">
         <path>C:\ti\ccs910\ccs\tools\compiler\ti-cgt-arm_18.12.2.LTS\lib\</path>
         <kind>archive</kind>
         <file>rtsv7M4_T_le_v4SPD16_eabi.lib</file>
         <name>copy_zero_init.c.obj</name>
      </input_file>
      <input_file id="fl-cc">
         <path>C:\ti\ccs910\ccs\tools\compiler\ti-cgt-arm_18.12.2.LTS\lib\</path>
         <kind>archive</kind>
         <file>rtsv7M4_T_le_v4SPD16_eabi.lib</file>
         <name>copy_decompress_none.c.obj</name>
      </input_file>
      <input_file id="fl-cd">
         <path>C:\ti\ccs910\ccs\tools\compiler\ti-cgt-arm_18.12.2.LTS\lib\</path>
         <kind>archive</kind>
         <file>rtsv7M4_T_le_v4SPD16_eabi.lib</file>
         <name>copy_decompress_lzss.c.obj</name>
      </input_file>
      <input_file id="fl-ce">
         <path>C:\ti\ccs910\ccs\tools\compiler\ti-cgt-arm_18.12.2.LTS\lib\</path>
         <kind>archive</kind>
         <file>rtsv7M4_T_le_v4SPD16_eabi.lib</file>
         <name>strlen.c.obj</name>
      </input_file>
      <input_file id="fl-cf">
         <path>C:\ti\ccs910\ccs\tools\compiler\ti-cgt-arm_18.12.2.LTS\lib\</path>
         <kind>archive</kind>
         <file>rtsv7M4_T_le_v4SPD16_eabi.lib</file>
         <name>boot_cortex_m.c.obj</name>
      </input_file>
      <input_file id="fl-d0">
         <path>C:\ti\ccs910\ccs\tools\compiler\ti-cgt-arm_18.12.2.LTS\lib\</path>
         <kind>archive</kind>
         <file>rtsv7M4_T_le_v4SPD16_eabi.lib</file>
         <name>memset_t2.asm.obj</name>
      </input_file>
      <input_file id="fl-d1">
         <path>C:\ti\ccs910\ccs\tools\compiler\ti-cgt-arm_18.12.2.LTS\lib\</path>
         <kind>archive</kind>
         <file>rtsv7M4_T_le_v4SPD16_eabi.lib</file>
         <name>memcpy_t2.asm.obj</name>
      </input_file>
      <input_file id="fl-d2">
         <path>C:\ti\ccs910\ccs\tools\compiler\ti-cgt-arm_18.12.2.LTS\lib\</path>
         <kind>archive</kind>
         <file>rtsv7M4_T_le_v4SPD16_eabi.lib</file>
         <name>autoinit.c.obj</name>
      </input_file>
      <input_file id="fl-d3">
         <path>C:\ti\ccs910\ccs\tools\compiler\ti-cgt-arm_18.12.2.LTS\lib\</path>
         <kind>archive</kind>
         <file>rtsv7M4_T_le_v4SPD16_eabi.lib</file>
         <name>pre_init.c.obj</name>
      </input_file>
      <input_file id="fl-d4">
         <path>C:\ti\ccs910\ccs\tools\compiler\ti-cgt-arm_18.12.2.LTS\lib\</path>
         <kind>archive</kind>
         <file>rtsv7M4_T_le_v4SPD16_eabi.lib</file>
         <name>cpy_tbl.c.obj</name>
      </input_file>
      <input_file id="fl-d5">
         <path>C:\ti\ccs910\ccs\tools\compiler\ti-cgt-arm_18.12.2.LTS\lib\</path>
         <kind>archive</kind>
         <file>rtsv7M4_T_le_v4SPD16_eabi.lib</file>
         <name>exit.c.obj</name>
      </input_file>
      <input_file id="fl-d6">
         <path>C:\ti\ccs910\ccs\tools\compiler\ti-cgt-arm_18.12.2.LTS\lib\</path>
         <kind>archive</kind>
         <file>rtsv7M4_T_le_v4SPD16_eabi.lib</file>
         <name>_lock.c.obj</name>
      </input_file>
      <input_file id="fl-d7">
         <path>C:\ti\ccs910\ccs\tools\compiler\ti-cgt-arm_18.12.2.LTS\lib\</path>
         <kind>archive</kind>
         <file>rtsv7M4_T_le_v4SPD16_eabi.lib</file>
         <name>args_main.c.obj</name>
      </input_file>
   </input_file_list>
   <object_component_list>
      <object_component id="oc-f">
         <name>.intvecs</name>
         <load_address>0x0</load_address>
         <run_address>0x0</run_address>
         <size>0x26c</size>
         <input_file_ref idref="fl-8"/>
      </object_component>
      <object_component id="oc-a2">
         <name>.text</name>
         <load_address>0x26c</load_address>
         <run_address>0x26c</run_address>
         <size>0x43c</size>
         <input_file_ref idref="fl-3"/>
      </object_component>
      <object_component id="oc-9b">
         <name>.text</name>
         <load_address>0x6a8</load_address>
         <run_address>0x6a8</run_address>
         <size>0x1c4</size>
         <input_file_ref idref="fl-4"/>
      </object_component>
      <object_component id="oc-2a">
         <name>.text</name>
         <load_address>0x86c</load_address>
         <run_address>0x86c</run_address>
         <size>0x1c4</size>
         <input_file_ref idref="fl-7"/>
      </object_component>
      <object_component id="oc-139">
         <name>.text:GPIOPadConfigSet</name>
         <load_address>0xa30</load_address>
         <run_address>0xa30</run_address>
         <size>0x132</size>
         <input_file_ref idref="fl-f"/>
      </object_component>
      <object_component id="oc-95">
         <name>.text</name>
         <load_address>0xb64</load_address>
         <run_address>0xb64</run_address>
         <size>0x12c</size>
         <input_file_ref idref="fl-6"/>
      </object_component>
      <object_component id="oc-1b0">
         <name>.text:SysCtlClockGet</name>
         <load_address>0xc90</load_address>
         <run_address>0xc90</run_address>
         <size>0x110</size>
         <input_file_ref idref="fl-12"/>
      </object_component>
      <object_component id="oc-8f">
         <name>.text</name>
         <load_address>0xda0</load_address>
         <run_address>0xda0</run_address>
         <size>0x104</size>
         <input_file_ref idref="fl-5"/>
      </object_component>
      <object_component id="oc-71">
         <name>.text:SysCtlClockSet</name>
         <load_address>0xea4</load_address>
         <run_address>0xea4</run_address>
         <size>0xf4</size>
         <input_file_ref idref="fl-12"/>
      </object_component>
      <object_component id="oc-3e">
         <name>.text</name>
         <load_address>0xf98</load_address>
         <run_address>0xf98</run_address>
         <size>0x9c</size>
         <input_file_ref idref="fl-d1"/>
      </object_component>
      <object_component id="oc-89">
         <name>.text</name>
         <load_address>0x1034</load_address>
         <run_address>0x1034</run_address>
         <size>0x88</size>
         <input_file_ref idref="fl-2"/>
      </object_component>
      <object_component id="oc-154">
         <name>.text:ADCSequenceStepConfigure</name>
         <load_address>0x10bc</load_address>
         <run_address>0x10bc</run_address>
         <size>0x7a</size>
         <input_file_ref idref="fl-e"/>
      </object_component>
      <object_component id="oc-119">
         <name>.text</name>
         <load_address>0x1136</load_address>
         <run_address>0x1136</run_address>
         <size>0x7a</size>
         <input_file_ref idref="fl-d0"/>
      </object_component>
      <object_component id="oc-cc">
         <name>.text:IntEnable</name>
         <load_address>0x11b0</load_address>
         <run_address>0x11b0</run_address>
         <size>0x68</size>
         <input_file_ref idref="fl-10"/>
      </object_component>
      <object_component id="oc-12">
         <name>.text:decompress:lzss:__TI_decompress_lzss</name>
         <load_address>0x1218</load_address>
         <run_address>0x1218</run_address>
         <size>0x68</size>
         <input_file_ref idref="fl-cd"/>
      </object_component>
      <object_component id="oc-c0">
         <name>.text:TimerConfigure</name>
         <load_address>0x1280</load_address>
         <run_address>0x1280</run_address>
         <size>0x60</size>
         <input_file_ref idref="fl-13"/>
      </object_component>
      <object_component id="oc-14e">
         <name>.text:ADCSequenceConfigure</name>
         <load_address>0x12e0</load_address>
         <run_address>0x12e0</run_address>
         <size>0x50</size>
         <input_file_ref idref="fl-e"/>
      </object_component>
      <object_component id="oc-1a4">
         <name>.text:GPIOPinConfigure</name>
         <load_address>0x1330</load_address>
         <run_address>0x1330</run_address>
         <size>0x48</size>
         <input_file_ref idref="fl-f"/>
      </object_component>
      <object_component id="oc-1b6">
         <name>.text:UARTConfigSetExpClk</name>
         <load_address>0x1378</load_address>
         <run_address>0x1378</run_address>
         <size>0x46</size>
         <input_file_ref idref="fl-14"/>
      </object_component>
      <object_component id="oc-229">
         <name>.text:__TI_auto_init_nobinit_nopinit:__TI_auto_init_nobinit_nopinit</name>
         <load_address>0x13c0</load_address>
         <run_address>0x13c0</run_address>
         <size>0x44</size>
         <input_file_ref idref="fl-d2"/>
      </object_component>
      <object_component id="oc-188">
         <name>.text:SSIConfigSetExpClk</name>
         <load_address>0x1404</load_address>
         <run_address>0x1404</run_address>
         <size>0x3c</size>
         <input_file_ref idref="fl-11"/>
      </object_component>
      <object_component id="oc-b4">
         <name>.text:SysCtlPeripheralReady</name>
         <load_address>0x1440</load_address>
         <run_address>0x1440</run_address>
         <size>0x38</size>
         <input_file_ref idref="fl-12"/>
      </object_component>
      <object_component id="oc-77">
         <name>.text:SysCtlPeripheralEnable</name>
         <load_address>0x1478</load_address>
         <run_address>0x1478</run_address>
         <size>0x34</size>
         <input_file_ref idref="fl-12"/>
      </object_component>
      <object_component id="oc-5c">
         <name>.text:_c_int00_noargs:_c_int00_noargs</name>
         <load_address>0x14ac</load_address>
         <run_address>0x14ac</run_address>
         <size>0x34</size>
         <input_file_ref idref="fl-cf"/>
      </object_component>
      <object_component id="oc-172">
         <name>.text:ADCIntStatus</name>
         <load_address>0x14e0</load_address>
         <run_address>0x14e0</run_address>
         <size>0x2e</size>
         <input_file_ref idref="fl-e"/>
      </object_component>
      <object_component id="oc-13f">
         <name>.text:GPIODirModeSet</name>
         <load_address>0x150e</load_address>
         <run_address>0x150e</run_address>
         <size>0x2a</size>
         <input_file_ref idref="fl-f"/>
      </object_component>
      <object_component id="oc-284">
         <name>.text:UARTDisable</name>
         <load_address>0x1538</load_address>
         <run_address>0x1538</run_address>
         <size>0x20</size>
         <input_file_ref idref="fl-14"/>
      </object_component>
      <object_component id="oc-178">
         <name>.text:ADCSequenceDataGet</name>
         <load_address>0x1558</load_address>
         <run_address>0x1558</run_address>
         <size>0x1e</size>
         <input_file_ref idref="fl-e"/>
      </object_component>
      <object_component id="oc-16c">
         <name>.text:ADCProcessorTrigger</name>
         <load_address>0x1576</load_address>
         <run_address>0x1576</run_address>
         <size>0x18</size>
         <input_file_ref idref="fl-e"/>
      </object_component>
      <object_component id="oc-7d">
         <name>.text:GPIOPinTypeGPIOOutput</name>
         <load_address>0x158e</load_address>
         <run_address>0x158e</run_address>
         <size>0x18</size>
         <input_file_ref idref="fl-f"/>
      </object_component>
      <object_component id="oc-de">
         <name>.text:TimerDisable</name>
         <load_address>0x15a8</load_address>
         <run_address>0x15a8</run_address>
         <size>0x18</size>
         <input_file_ref idref="fl-13"/>
      </object_component>
      <object_component id="oc-1c2">
         <name>.text:UARTEnable</name>
         <load_address>0x15c0</load_address>
         <run_address>0x15c0</run_address>
         <size>0x14</size>
         <input_file_ref idref="fl-14"/>
      </object_component>
      <object_component id="oc-1dd">
         <name>.text:strlen</name>
         <load_address>0x15d4</load_address>
         <run_address>0x15d4</run_address>
         <size>0x14</size>
         <input_file_ref idref="fl-ce"/>
      </object_component>
      <object_component id="oc-148">
         <name>.text:GPIOPinTypeADC</name>
         <load_address>0x15e8</load_address>
         <run_address>0x15e8</run_address>
         <size>0x12</size>
         <input_file_ref idref="fl-f"/>
      </object_component>
      <object_component id="oc-182">
         <name>.text:GPIOPinTypeSSI</name>
         <load_address>0x15fa</load_address>
         <run_address>0x15fa</run_address>
         <size>0x12</size>
         <input_file_ref idref="fl-f"/>
      </object_component>
      <object_component id="oc-1aa">
         <name>.text:GPIOPinTypeUART</name>
         <load_address>0x160c</load_address>
         <run_address>0x160c</run_address>
         <size>0x12</size>
         <input_file_ref idref="fl-f"/>
      </object_component>
      <object_component id="oc-c6">
         <name>.text:TimerLoadSet</name>
         <load_address>0x161e</load_address>
         <run_address>0x161e</run_address>
         <size>0x12</size>
         <input_file_ref idref="fl-13"/>
      </object_component>
      <object_component id="oc-160">
         <name>.text:ADCIntEnable</name>
         <load_address>0x1630</load_address>
         <run_address>0x1630</run_address>
         <size>0x10</size>
         <input_file_ref idref="fl-e"/>
      </object_component>
      <object_component id="oc-ba">
         <name>.text:IntMasterEnable</name>
         <load_address>0x1640</load_address>
         <run_address>0x1640</run_address>
         <size>0x10</size>
         <input_file_ref idref="fl-10"/>
      </object_component>
      <object_component id="oc-15a">
         <name>.text:ADCSequenceEnable</name>
         <load_address>0x1650</load_address>
         <run_address>0x1650</run_address>
         <size>0xe</size>
         <input_file_ref idref="fl-e"/>
      </object_component>
      <object_component id="oc-d8">
         <name>.text:TimerEnable</name>
         <load_address>0x165e</load_address>
         <run_address>0x165e</run_address>
         <size>0xe</size>
         <input_file_ref idref="fl-13"/>
      </object_component>
      <object_component id="oc-a8">
         <name>.text:UARTCharsAvail</name>
         <load_address>0x166c</load_address>
         <run_address>0x166c</run_address>
         <size>0xe</size>
         <input_file_ref idref="fl-14"/>
      </object_component>
      <object_component id="oc-18">
         <name>.text:decompress:none:__TI_decompress_none</name>
         <load_address>0x167a</load_address>
         <run_address>0x167a</run_address>
         <size>0xe</size>
         <input_file_ref idref="fl-cc"/>
      </object_component>
      <object_component id="oc-1f1">
         <name>.text:CPUcpsie</name>
         <load_address>0x1688</load_address>
         <run_address>0x1688</run_address>
         <size>0xc</size>
         <input_file_ref idref="fl-15"/>
      </object_component>
      <object_component id="oc-50">
         <name>.text:decompress:ZI:__TI_zero_init</name>
         <load_address>0x1694</load_address>
         <run_address>0x1694</run_address>
         <size>0xc</size>
         <input_file_ref idref="fl-cb"/>
      </object_component>
      <object_component id="oc-24">
         <name>.text</name>
         <load_address>0x16a0</load_address>
         <run_address>0x16a0</run_address>
         <size>0xc</size>
         <input_file_ref idref="fl-8"/>
      </object_component>
      <object_component id="oc-166">
         <name>.text:ADCIntClear</name>
         <load_address>0x16ac</load_address>
         <run_address>0x16ac</run_address>
         <size>0xa</size>
         <input_file_ref idref="fl-e"/>
      </object_component>
      <object_component id="oc-194">
         <name>.text:SSIDataPut</name>
         <load_address>0x16b6</load_address>
         <run_address>0x16b6</run_address>
         <size>0xa</size>
         <input_file_ref idref="fl-11"/>
      </object_component>
      <object_component id="oc-18e">
         <name>.text:SSIEnable</name>
         <load_address>0x16c0</load_address>
         <run_address>0x16c0</run_address>
         <size>0xa</size>
         <input_file_ref idref="fl-11"/>
      </object_component>
      <object_component id="oc-ae">
         <name>.text:UARTCharGet</name>
         <load_address>0x16ca</load_address>
         <run_address>0x16ca</run_address>
         <size>0xa</size>
         <input_file_ref idref="fl-14"/>
      </object_component>
      <object_component id="oc-1c8">
         <name>.text:UARTCharPut</name>
         <load_address>0x16d4</load_address>
         <run_address>0x16d4</run_address>
         <size>0xa</size>
         <input_file_ref idref="fl-14"/>
      </object_component>
      <object_component id="oc-1bc">
         <name>.text:UARTFIFOEnable</name>
         <load_address>0x16de</load_address>
         <run_address>0x16de</run_address>
         <size>0xa</size>
         <input_file_ref idref="fl-14"/>
      </object_component>
      <object_component id="oc-19a">
         <name>.text:SSIBusy</name>
         <load_address>0x16e8</load_address>
         <run_address>0x16e8</run_address>
         <size>0x8</size>
         <input_file_ref idref="fl-11"/>
      </object_component>
      <object_component id="oc-d2">
         <name>.text:TimerIntEnable</name>
         <load_address>0x16f0</load_address>
         <run_address>0x16f0</run_address>
         <size>0x8</size>
         <input_file_ref idref="fl-13"/>
      </object_component>
      <object_component id="oc-1ce">
         <name>.text:UARTBusy</name>
         <load_address>0x16f8</load_address>
         <run_address>0x16f8</run_address>
         <size>0x8</size>
         <input_file_ref idref="fl-14"/>
      </object_component>
      <object_component id="oc-83">
         <name>.text:GPIOPinWrite</name>
         <load_address>0x1700</load_address>
         <run_address>0x1700</run_address>
         <size>0x6</size>
         <input_file_ref idref="fl-f"/>
      </object_component>
      <object_component id="oc-a1">
         <name>.text:SysCtlDelay</name>
         <load_address>0x1706</load_address>
         <run_address>0x1706</run_address>
         <size>0x6</size>
         <input_file_ref idref="fl-12"/>
      </object_component>
      <object_component id="oc-e4">
         <name>.text:TimerIntClear</name>
         <load_address>0x170c</load_address>
         <run_address>0x170c</run_address>
         <size>0x4</size>
         <input_file_ref idref="fl-13"/>
      </object_component>
      <object_component id="oc-11f">
         <name>.text:_system_pre_init</name>
         <load_address>0x1710</load_address>
         <run_address>0x1710</run_address>
         <size>0x4</size>
         <input_file_ref idref="fl-d3"/>
      </object_component>
      <object_component id="oc-21d">
         <name>.text:abort:abort</name>
         <load_address>0x1714</load_address>
         <run_address>0x1714</run_address>
         <size>0x4</size>
         <input_file_ref idref="fl-d5"/>
      </object_component>
      <object_component id="oc-27b">
         <name>.const:g_pui32GPIOBaseAddrs</name>
         <load_address>0x1718</load_address>
         <run_address>0x1718</run_address>
         <size>0x90</size>
         <input_file_ref idref="fl-f"/>
      </object_component>
      <object_component id="oc-1fb">
         <name>.const</name>
         <load_address>0x17a8</load_address>
         <run_address>0x17a8</run_address>
         <size>0x70</size>
         <input_file_ref idref="fl-10"/>
      </object_component>
      <object_component id="oc-280">
         <name>.const:g_pui32Xtals</name>
         <load_address>0x1818</load_address>
         <run_address>0x1818</run_address>
         <size>0x6c</size>
         <input_file_ref idref="fl-12"/>
      </object_component>
      <object_component id="oc-32a">
         <name>.cinit..data.load</name>
         <load_address>0x1888</load_address>
         <run_address>0x1888</run_address>
         <size>0x120</size>
      </object_component>
      <object_component id="oc-328">
         <name>__TI_handler_table</name>
         <load_address>0x19a8</load_address>
         <run_address>0x19a8</run_address>
         <size>0xc</size>
      </object_component>
      <object_component id="oc-32b">
         <name>.cinit..bss.load</name>
         <load_address>0x19b8</load_address>
         <run_address>0x19b8</run_address>
         <size>0x8</size>
      </object_component>
      <object_component id="oc-329">
         <name>__TI_cinit_table</name>
         <load_address>0x19c0</load_address>
         <run_address>0x19c0</run_address>
         <size>0x10</size>
      </object_component>
      <object_component id="oc-1e3">
         <name>.data:sbox</name>
         <load_address>0x20004228</load_address>
         <run_address>0x20004228</run_address>
         <size>0x100</size>
         <input_file_ref idref="fl-3"/>
      </object_component>
      <object_component id="oc-1e6">
         <name>.data:rcon</name>
         <load_address>0x20004334</load_address>
         <run_address>0x20004334</run_address>
         <size>0xa</size>
         <input_file_ref idref="fl-3"/>
      </object_component>
      <object_component id="oc-1d8">
         <name>.data</name>
         <load_address>0x2000433e</load_address>
         <run_address>0x2000433e</run_address>
         <size>0x2</size>
         <input_file_ref idref="fl-4"/>
      </object_component>
      <object_component id="oc-ed">
         <name>.data</name>
         <load_address>0x20004328</load_address>
         <run_address>0x20004328</run_address>
         <size>0xc</size>
         <input_file_ref idref="fl-7"/>
      </object_component>
      <object_component id="oc-17e">
         <name>.common:ADCValue_0</name>
         <uninitialized>true</uninitialized>
         <run_address>0x20004010</run_address>
         <size>0x4</size>
      </object_component>
      <object_component id="oc-1e9">
         <name>.common:encryption_key</name>
         <uninitialized>true</uninitialized>
         <run_address>0x20004000</run_address>
         <size>0x10</size>
      </object_component>
      <object_component id="oc-1a0">
         <name>.common:SSI_TX</name>
         <uninitialized>true</uninitialized>
         <run_address>0x20004014</run_address>
         <size>0x4</size>
      </object_component>
      <object_component id="oc-1d4">
         <name>.common:uartTX</name>
         <uninitialized>true</uninitialized>
         <run_address>0x20004020</run_address>
         <size>0x4</size>
      </object_component>
      <object_component id="oc-ea">
         <name>.common:uartRXindex</name>
         <uninitialized>true</uninitialized>
         <run_address>0x2000401c</run_address>
         <size>0x4</size>
      </object_component>
      <object_component id="oc-f1">
         <name>.common:uartRX</name>
         <uninitialized>true</uninitialized>
         <run_address>0x20004018</run_address>
         <size>0x4</size>
      </object_component>
      <object_component id="oc-f0">
         <name>.common:SSI_send_buffer</name>
         <uninitialized>true</uninitialized>
         <run_address>0x20000000</run_address>
         <size>0x4000</size>
      </object_component>
      <object_component id="oc-21">
         <name>.stack</name>
         <uninitialized>true</uninitialized>
         <run_address>0x20004028</run_address>
         <size>0x4</size>
         <input_file_ref idref="fl-cf"/>
      </object_component>
      <object_component id="oc-32c">
         <name>.stack</name>
         <uninitialized>true</uninitialized>
         <run_address>0x20004028</run_address>
         <size>0x0</size>
      </object_component>
      <object_component id="oc-17f">
         <name>.debug_info</name>
         <load_address>0x0</load_address>
         <run_address>0x0</run_address>
         <size>0x4ef</size>
         <input_file_ref idref="fl-2"/>
      </object_component>
      <object_component id="oc-8d">
         <name>.debug_info</name>
         <load_address>0x4ef</load_address>
         <run_address>0x4ef</run_address>
         <size>0x25b</size>
         <input_file_ref idref="fl-2"/>
      </object_component>
      <object_component id="oc-ff">
         <name>.debug_info</name>
         <load_address>0x74a</load_address>
         <run_address>0x74a</run_address>
         <size>0x26b</size>
         <input_file_ref idref="fl-2"/>
      </object_component>
      <object_component id="oc-f3">
         <name>.debug_info</name>
         <load_address>0x9b5</load_address>
         <run_address>0x9b5</run_address>
         <size>0x8b</size>
         <input_file_ref idref="fl-2"/>
      </object_component>
      <object_component id="oc-208">
         <name>.debug_info</name>
         <load_address>0xa40</load_address>
         <run_address>0xa40</run_address>
         <size>0x297</size>
         <input_file_ref idref="fl-2"/>
      </object_component>
      <object_component id="oc-f8">
         <name>.debug_info</name>
         <load_address>0xcd7</load_address>
         <run_address>0xcd7</run_address>
         <size>0xbb</size>
         <input_file_ref idref="fl-2"/>
      </object_component>
      <object_component id="oc-214">
         <name>.debug_info</name>
         <load_address>0xd92</load_address>
         <run_address>0xd92</run_address>
         <size>0x2c</size>
         <input_file_ref idref="fl-2"/>
      </object_component>
      <object_component id="oc-1ea">
         <name>.debug_info</name>
         <load_address>0xdbe</load_address>
         <run_address>0xdbe</run_address>
         <size>0x437</size>
         <input_file_ref idref="fl-3"/>
      </object_component>
      <object_component id="oc-1e4">
         <name>.debug_info</name>
         <load_address>0x11f5</load_address>
         <run_address>0x11f5</run_address>
         <size>0xc6</size>
         <input_file_ref idref="fl-3"/>
      </object_component>
      <object_component id="oc-1e7">
         <name>.debug_info</name>
         <load_address>0x12bb</load_address>
         <run_address>0x12bb</run_address>
         <size>0xc6</size>
         <input_file_ref idref="fl-3"/>
      </object_component>
      <object_component id="oc-a5">
         <name>.debug_info</name>
         <load_address>0x1381</load_address>
         <run_address>0x1381</run_address>
         <size>0x743</size>
         <input_file_ref idref="fl-3"/>
      </object_component>
      <object_component id="oc-1dc">
         <name>.debug_info</name>
         <load_address>0x1ac4</load_address>
         <run_address>0x1ac4</run_address>
         <size>0x264</size>
         <input_file_ref idref="fl-4"/>
      </object_component>
      <object_component id="oc-1d9">
         <name>.debug_info</name>
         <load_address>0x1d28</load_address>
         <run_address>0x1d28</run_address>
         <size>0xd0</size>
         <input_file_ref idref="fl-4"/>
      </object_component>
      <object_component id="oc-9c">
         <name>.debug_info</name>
         <load_address>0x1df8</load_address>
         <run_address>0x1df8</run_address>
         <size>0x393</size>
         <input_file_ref idref="fl-4"/>
      </object_component>
      <object_component id="oc-39">
         <name>.debug_info</name>
         <load_address>0x218b</load_address>
         <run_address>0x218b</run_address>
         <size>0x84</size>
         <input_file_ref idref="fl-4"/>
      </object_component>
      <object_component id="oc-1a1">
         <name>.debug_info</name>
         <load_address>0x220f</load_address>
         <run_address>0x220f</run_address>
         <size>0x4ab</size>
         <input_file_ref idref="fl-5"/>
      </object_component>
      <object_component id="oc-92">
         <name>.debug_info</name>
         <load_address>0x26ba</load_address>
         <run_address>0x26ba</run_address>
         <size>0x2f0</size>
         <input_file_ref idref="fl-5"/>
      </object_component>
      <object_component id="oc-1d5">
         <name>.debug_info</name>
         <load_address>0x29aa</load_address>
         <run_address>0x29aa</run_address>
         <size>0x479</size>
         <input_file_ref idref="fl-6"/>
      </object_component>
      <object_component id="oc-97">
         <name>.debug_info</name>
         <load_address>0x2e23</load_address>
         <run_address>0x2e23</run_address>
         <size>0x4df</size>
         <input_file_ref idref="fl-6"/>
      </object_component>
      <object_component id="oc-eb">
         <name>.debug_info</name>
         <load_address>0x3302</load_address>
         <run_address>0x3302</run_address>
         <size>0x7c8</size>
         <input_file_ref idref="fl-7"/>
      </object_component>
      <object_component id="oc-ee">
         <name>.debug_info</name>
         <load_address>0x3aca</load_address>
         <run_address>0x3aca</run_address>
         <size>0x119</size>
         <input_file_ref idref="fl-7"/>
      </object_component>
      <object_component id="oc-2d">
         <name>.debug_info</name>
         <load_address>0x3be3</load_address>
         <run_address>0x3be3</run_address>
         <size>0x46e</size>
         <input_file_ref idref="fl-7"/>
      </object_component>
      <object_component id="oc-32">
         <name>.debug_info</name>
         <load_address>0x4051</load_address>
         <run_address>0x4051</run_address>
         <size>0x2c6</size>
         <input_file_ref idref="fl-8"/>
      </object_component>
      <object_component id="oc-10">
         <name>.debug_info</name>
         <load_address>0x4317</load_address>
         <run_address>0x4317</run_address>
         <size>0xe9</size>
         <input_file_ref idref="fl-8"/>
      </object_component>
      <object_component id="oc-26">
         <name>.debug_info</name>
         <load_address>0x4400</load_address>
         <run_address>0x4400</run_address>
         <size>0x265</size>
         <input_file_ref idref="fl-8"/>
      </object_component>
      <object_component id="oc-268">
         <name>.debug_info</name>
         <load_address>0x4665</load_address>
         <run_address>0x4665</run_address>
         <size>0x24d</size>
         <input_file_ref idref="fl-e"/>
      </object_component>
      <object_component id="oc-158">
         <name>.debug_info</name>
         <load_address>0x48b2</load_address>
         <run_address>0x48b2</run_address>
         <size>0x333</size>
         <input_file_ref idref="fl-e"/>
      </object_component>
      <object_component id="oc-15e">
         <name>.debug_info</name>
         <load_address>0x4be5</load_address>
         <run_address>0x4be5</run_address>
         <size>0x2a0</size>
         <input_file_ref idref="fl-e"/>
      </object_component>
      <object_component id="oc-17b">
         <name>.debug_info</name>
         <load_address>0x4e85</load_address>
         <run_address>0x4e85</run_address>
         <size>0x2ff</size>
         <input_file_ref idref="fl-e"/>
      </object_component>
      <object_component id="oc-151">
         <name>.debug_info</name>
         <load_address>0x5184</load_address>
         <run_address>0x5184</run_address>
         <size>0x326</size>
         <input_file_ref idref="fl-e"/>
      </object_component>
      <object_component id="oc-170">
         <name>.debug_info</name>
         <load_address>0x54aa</load_address>
         <run_address>0x54aa</run_address>
         <size>0x2a4</size>
         <input_file_ref idref="fl-e"/>
      </object_component>
      <object_component id="oc-176">
         <name>.debug_info</name>
         <load_address>0x574e</load_address>
         <run_address>0x574e</run_address>
         <size>0x2e7</size>
         <input_file_ref idref="fl-e"/>
      </object_component>
      <object_component id="oc-164">
         <name>.debug_info</name>
         <load_address>0x5a35</load_address>
         <run_address>0x5a35</run_address>
         <size>0x296</size>
         <input_file_ref idref="fl-e"/>
      </object_component>
      <object_component id="oc-16a">
         <name>.debug_info</name>
         <load_address>0x5ccb</load_address>
         <run_address>0x5ccb</run_address>
         <size>0x294</size>
         <input_file_ref idref="fl-e"/>
      </object_component>
      <object_component id="oc-132">
         <name>.debug_info</name>
         <load_address>0x5f5f</load_address>
         <run_address>0x5f5f</run_address>
         <size>0x18b</size>
         <input_file_ref idref="fl-e"/>
      </object_component>
      <object_component id="oc-146">
         <name>.debug_info</name>
         <load_address>0x60ea</load_address>
         <run_address>0x60ea</run_address>
         <size>0x240</size>
         <input_file_ref idref="fl-f"/>
      </object_component>
      <object_component id="oc-27c">
         <name>.debug_info</name>
         <load_address>0x632a</load_address>
         <run_address>0x632a</run_address>
         <size>0x15b</size>
         <input_file_ref idref="fl-f"/>
      </object_component>
      <object_component id="oc-84">
         <name>.debug_info</name>
         <load_address>0x6485</load_address>
         <run_address>0x6485</run_address>
         <size>0x2a3</size>
         <input_file_ref idref="fl-f"/>
      </object_component>
      <object_component id="oc-140">
         <name>.debug_info</name>
         <load_address>0x6728</load_address>
         <run_address>0x6728</run_address>
         <size>0x2b3</size>
         <input_file_ref idref="fl-f"/>
      </object_component>
      <object_component id="oc-13a">
         <name>.debug_info</name>
         <load_address>0x69db</load_address>
         <run_address>0x69db</run_address>
         <size>0x316</size>
         <input_file_ref idref="fl-f"/>
      </object_component>
      <object_component id="oc-1ab">
         <name>.debug_info</name>
         <load_address>0x6cf1</load_address>
         <run_address>0x6cf1</run_address>
         <size>0x27b</size>
         <input_file_ref idref="fl-f"/>
      </object_component>
      <object_component id="oc-183">
         <name>.debug_info</name>
         <load_address>0x6f6c</load_address>
         <run_address>0x6f6c</run_address>
         <size>0x279</size>
         <input_file_ref idref="fl-f"/>
      </object_component>
      <object_component id="oc-7e">
         <name>.debug_info</name>
         <load_address>0x71e5</load_address>
         <run_address>0x71e5</run_address>
         <size>0x2b7</size>
         <input_file_ref idref="fl-f"/>
      </object_component>
      <object_component id="oc-149">
         <name>.debug_info</name>
         <load_address>0x749c</load_address>
         <run_address>0x749c</run_address>
         <size>0x279</size>
         <input_file_ref idref="fl-f"/>
      </object_component>
      <object_component id="oc-1a5">
         <name>.debug_info</name>
         <load_address>0x7715</load_address>
         <run_address>0x7715</run_address>
         <size>0x280</size>
         <input_file_ref idref="fl-f"/>
      </object_component>
      <object_component id="oc-1ff">
         <name>.debug_info</name>
         <load_address>0x7995</load_address>
         <run_address>0x7995</run_address>
         <size>0x20e</size>
         <input_file_ref idref="fl-10"/>
      </object_component>
      <object_component id="oc-1fc">
         <name>.debug_info</name>
         <load_address>0x7ba3</load_address>
         <run_address>0x7ba3</run_address>
         <size>0x210</size>
         <input_file_ref idref="fl-10"/>
      </object_component>
      <object_component id="oc-bc">
         <name>.debug_info</name>
         <load_address>0x7db3</load_address>
         <run_address>0x7db3</run_address>
         <size>0x23e</size>
         <input_file_ref idref="fl-10"/>
      </object_component>
      <object_component id="oc-ce">
         <name>.debug_info</name>
         <load_address>0x7ff1</load_address>
         <run_address>0x7ff1</run_address>
         <size>0x268</size>
         <input_file_ref idref="fl-10"/>
      </object_component>
      <object_component id="oc-275">
         <name>.debug_info</name>
         <load_address>0x8259</load_address>
         <run_address>0x8259</run_address>
         <size>0x21c</size>
         <input_file_ref idref="fl-11"/>
      </object_component>
      <object_component id="oc-18f">
         <name>.debug_info</name>
         <load_address>0x8475</load_address>
         <run_address>0x8475</run_address>
         <size>0x242</size>
         <input_file_ref idref="fl-11"/>
      </object_component>
      <object_component id="oc-195">
         <name>.debug_info</name>
         <load_address>0x86b7</load_address>
         <run_address>0x86b7</run_address>
         <size>0x276</size>
         <input_file_ref idref="fl-11"/>
      </object_component>
      <object_component id="oc-189">
         <name>.debug_info</name>
         <load_address>0x892d</load_address>
         <run_address>0x892d</run_address>
         <size>0x3d9</size>
         <input_file_ref idref="fl-11"/>
      </object_component>
      <object_component id="oc-19b">
         <name>.debug_info</name>
         <load_address>0x8d06</load_address>
         <run_address>0x8d06</run_address>
         <size>0x242</size>
         <input_file_ref idref="fl-11"/>
      </object_component>
      <object_component id="oc-137">
         <name>.debug_info</name>
         <load_address>0x8f48</load_address>
         <run_address>0x8f48</run_address>
         <size>0x298</size>
         <input_file_ref idref="fl-12"/>
      </object_component>
      <object_component id="oc-281">
         <name>.debug_info</name>
         <load_address>0x91e0</load_address>
         <run_address>0x91e0</run_address>
         <size>0x14d</size>
         <input_file_ref idref="fl-12"/>
      </object_component>
      <object_component id="oc-b5">
         <name>.debug_info</name>
         <load_address>0x932d</load_address>
         <run_address>0x932d</run_address>
         <size>0x27f</size>
         <input_file_ref idref="fl-12"/>
      </object_component>
      <object_component id="oc-78">
         <name>.debug_info</name>
         <load_address>0x95ac</load_address>
         <run_address>0x95ac</run_address>
         <size>0x27d</size>
         <input_file_ref idref="fl-12"/>
      </object_component>
      <object_component id="oc-72">
         <name>.debug_info</name>
         <load_address>0x9829</load_address>
         <run_address>0x9829</run_address>
         <size>0x2db</size>
         <input_file_ref idref="fl-12"/>
      </object_component>
      <object_component id="oc-1b1">
         <name>.debug_info</name>
         <load_address>0x9b04</load_address>
         <run_address>0x9b04</run_address>
         <size>0x2b5</size>
         <input_file_ref idref="fl-12"/>
      </object_component>
      <object_component id="oc-25d">
         <name>.debug_info</name>
         <load_address>0x9db9</load_address>
         <run_address>0x9db9</run_address>
         <size>0x5f</size>
         <input_file_ref idref="fl-12"/>
      </object_component>
      <object_component id="oc-1f9">
         <name>.debug_info</name>
         <load_address>0x9e18</load_address>
         <run_address>0x9e18</run_address>
         <size>0x223</size>
         <input_file_ref idref="fl-13"/>
      </object_component>
      <object_component id="oc-c9">
         <name>.debug_info</name>
         <load_address>0xa03b</load_address>
         <run_address>0xa03b</run_address>
         <size>0x2ba</size>
         <input_file_ref idref="fl-13"/>
      </object_component>
      <object_component id="oc-d4">
         <name>.debug_info</name>
         <load_address>0xa2f5</load_address>
         <run_address>0xa2f5</run_address>
         <size>0x294</size>
         <input_file_ref idref="fl-13"/>
      </object_component>
      <object_component id="oc-e6">
         <name>.debug_info</name>
         <load_address>0xa589</load_address>
         <run_address>0xa589</run_address>
         <size>0x292</size>
         <input_file_ref idref="fl-13"/>
      </object_component>
      <object_component id="oc-da">
         <name>.debug_info</name>
         <load_address>0xa81b</load_address>
         <run_address>0xa81b</run_address>
         <size>0x27f</size>
         <input_file_ref idref="fl-13"/>
      </object_component>
      <object_component id="oc-e0">
         <name>.debug_info</name>
         <load_address>0xaa9a</load_address>
         <run_address>0xaa9a</run_address>
         <size>0x281</size>
         <input_file_ref idref="fl-13"/>
      </object_component>
      <object_component id="oc-c2">
         <name>.debug_info</name>
         <load_address>0xad1b</load_address>
         <run_address>0xad1b</run_address>
         <size>0x28c</size>
         <input_file_ref idref="fl-13"/>
      </object_component>
      <object_component id="oc-1ee">
         <name>.debug_info</name>
         <load_address>0xafa7</load_address>
         <run_address>0xafa7</run_address>
         <size>0x227</size>
         <input_file_ref idref="fl-14"/>
      </object_component>
      <object_component id="oc-1be">
         <name>.debug_info</name>
         <load_address>0xb1ce</load_address>
         <run_address>0xb1ce</run_address>
         <size>0x24f</size>
         <input_file_ref idref="fl-14"/>
      </object_component>
      <object_component id="oc-1c4">
         <name>.debug_info</name>
         <load_address>0xb41d</load_address>
         <run_address>0xb41d</run_address>
         <size>0x247</size>
         <input_file_ref idref="fl-14"/>
      </object_component>
      <object_component id="oc-286">
         <name>.debug_info</name>
         <load_address>0xb664</load_address>
         <run_address>0xb664</run_address>
         <size>0x249</size>
         <input_file_ref idref="fl-14"/>
      </object_component>
      <object_component id="oc-1b8">
         <name>.debug_info</name>
         <load_address>0xb8ad</load_address>
         <run_address>0xb8ad</run_address>
         <size>0x326</size>
         <input_file_ref idref="fl-14"/>
      </object_component>
      <object_component id="oc-aa">
         <name>.debug_info</name>
         <load_address>0xbbd3</load_address>
         <run_address>0xbbd3</run_address>
         <size>0x253</size>
         <input_file_ref idref="fl-14"/>
      </object_component>
      <object_component id="oc-1ca">
         <name>.debug_info</name>
         <load_address>0xbe26</load_address>
         <run_address>0xbe26</run_address>
         <size>0x273</size>
         <input_file_ref idref="fl-14"/>
      </object_component>
      <object_component id="oc-b0">
         <name>.debug_info</name>
         <load_address>0xc099</load_address>
         <run_address>0xc099</run_address>
         <size>0x24d</size>
         <input_file_ref idref="fl-14"/>
      </object_component>
      <object_component id="oc-1d0">
         <name>.debug_info</name>
         <load_address>0xc2e6</load_address>
         <run_address>0xc2e6</run_address>
         <size>0x247</size>
         <input_file_ref idref="fl-14"/>
      </object_component>
      <object_component id="oc-1f2">
         <name>.debug_info</name>
         <load_address>0xc52d</load_address>
         <run_address>0xc52d</run_address>
         <size>0x212</size>
         <input_file_ref idref="fl-15"/>
      </object_component>
      <object_component id="oc-118">
         <name>.debug_info</name>
         <load_address>0xc73f</load_address>
         <run_address>0xc73f</run_address>
         <size>0x2d5</size>
         <input_file_ref idref="fl-cb"/>
      </object_component>
      <object_component id="oc-54">
         <name>.debug_info</name>
         <load_address>0xca14</load_address>
         <run_address>0xca14</run_address>
         <size>0x1b6</size>
         <input_file_ref idref="fl-cb"/>
      </object_component>
      <object_component id="oc-113">
         <name>.debug_info</name>
         <load_address>0xcbca</load_address>
         <run_address>0xcbca</run_address>
         <size>0x46</size>
         <input_file_ref idref="fl-cb"/>
      </object_component>
      <object_component id="oc-49">
         <name>.debug_info</name>
         <load_address>0xcc10</load_address>
         <run_address>0xcc10</run_address>
         <size>0x2a9</size>
         <input_file_ref idref="fl-cc"/>
      </object_component>
      <object_component id="oc-1c">
         <name>.debug_info</name>
         <load_address>0xceb9</load_address>
         <run_address>0xceb9</run_address>
         <size>0x1eb</size>
         <input_file_ref idref="fl-cc"/>
      </object_component>
      <object_component id="oc-44">
         <name>.debug_info</name>
         <load_address>0xd0a4</load_address>
         <run_address>0xd0a4</run_address>
         <size>0x46</size>
         <input_file_ref idref="fl-cc"/>
      </object_component>
      <object_component id="oc-10b">
         <name>.debug_info</name>
         <load_address>0xd0ea</load_address>
         <run_address>0xd0ea</run_address>
         <size>0x2c</size>
         <input_file_ref idref="fl-cc"/>
      </object_component>
      <object_component id="oc-109">
         <name>.debug_info</name>
         <load_address>0xd116</load_address>
         <run_address>0xd116</run_address>
         <size>0x29f</size>
         <input_file_ref idref="fl-cd"/>
      </object_component>
      <object_component id="oc-15">
         <name>.debug_info</name>
         <load_address>0xd3b5</load_address>
         <run_address>0xd3b5</run_address>
         <size>0x251</size>
         <input_file_ref idref="fl-cd"/>
      </object_component>
      <object_component id="oc-34">
         <name>.debug_info</name>
         <load_address>0xd606</load_address>
         <run_address>0xd606</run_address>
         <size>0x60</size>
         <input_file_ref idref="fl-cd"/>
      </object_component>
      <object_component id="oc-20d">
         <name>.debug_info</name>
         <load_address>0xd666</load_address>
         <run_address>0xd666</run_address>
         <size>0x46</size>
         <input_file_ref idref="fl-cd"/>
      </object_component>
      <object_component id="oc-104">
         <name>.debug_info</name>
         <load_address>0xd6ac</load_address>
         <run_address>0xd6ac</run_address>
         <size>0x39</size>
         <input_file_ref idref="fl-cd"/>
      </object_component>
      <object_component id="oc-296">
         <name>.debug_info</name>
         <load_address>0xd6e5</load_address>
         <run_address>0xd6e5</run_address>
         <size>0x290</size>
         <input_file_ref idref="fl-ce"/>
      </object_component>
      <object_component id="oc-1e1">
         <name>.debug_info</name>
         <load_address>0xd975</load_address>
         <run_address>0xd975</run_address>
         <size>0x246</size>
         <input_file_ref idref="fl-ce"/>
      </object_component>
      <object_component id="oc-22">
         <name>.debug_info</name>
         <load_address>0xdbbb</load_address>
         <run_address>0xdbbb</run_address>
         <size>0x10c</size>
         <input_file_ref idref="fl-cf"/>
      </object_component>
      <object_component id="oc-5e">
         <name>.debug_info</name>
         <load_address>0xdcc7</load_address>
         <run_address>0xdcc7</run_address>
         <size>0x1aa</size>
         <input_file_ref idref="fl-cf"/>
      </object_component>
      <object_component id="oc-11a">
         <name>.debug_info</name>
         <load_address>0xde71</load_address>
         <run_address>0xde71</run_address>
         <size>0x148</size>
         <input_file_ref idref="fl-d0"/>
      </object_component>
      <object_component id="oc-3f">
         <name>.debug_info</name>
         <load_address>0xdfb9</load_address>
         <run_address>0xdfb9</run_address>
         <size>0x11a</size>
         <input_file_ref idref="fl-d1"/>
      </object_component>
      <object_component id="oc-2b1">
         <name>.debug_info</name>
         <load_address>0xe0d3</load_address>
         <run_address>0xe0d3</run_address>
         <size>0x4b4</size>
         <input_file_ref idref="fl-d2"/>
      </object_component>
      <object_component id="oc-22a">
         <name>.debug_info</name>
         <load_address>0xe587</load_address>
         <run_address>0xe587</run_address>
         <size>0x1a7</size>
         <input_file_ref idref="fl-d2"/>
      </object_component>
      <object_component id="oc-2e1">
         <name>.debug_info</name>
         <load_address>0xe72e</load_address>
         <run_address>0xe72e</run_address>
         <size>0x39</size>
         <input_file_ref idref="fl-d2"/>
      </object_component>
      <object_component id="oc-2f5">
         <name>.debug_info</name>
         <load_address>0xe767</load_address>
         <run_address>0xe767</run_address>
         <size>0x39</size>
         <input_file_ref idref="fl-d2"/>
      </object_component>
      <object_component id="oc-2e6">
         <name>.debug_info</name>
         <load_address>0xe7a0</load_address>
         <run_address>0xe7a0</run_address>
         <size>0x39</size>
         <input_file_ref idref="fl-d2"/>
      </object_component>
      <object_component id="oc-2eb">
         <name>.debug_info</name>
         <load_address>0xe7d9</load_address>
         <run_address>0xe7d9</run_address>
         <size>0xcd</size>
         <input_file_ref idref="fl-d2"/>
      </object_component>
      <object_component id="oc-120">
         <name>.debug_info</name>
         <load_address>0xe8a6</load_address>
         <run_address>0xe8a6</run_address>
         <size>0x154</size>
         <input_file_ref idref="fl-d3"/>
      </object_component>
      <object_component id="oc-220">
         <name>.debug_info</name>
         <load_address>0xe9fa</load_address>
         <run_address>0xe9fa</run_address>
         <size>0x123</size>
         <input_file_ref idref="fl-d5"/>
      </object_component>
      <object_component id="oc-32d">
         <name>.debug_info</name>
         <load_address>0xeb1d</load_address>
         <run_address>0xeb1d</run_address>
         <size>0x9c</size>
      </object_component>
      <object_component id="oc-272">
         <name>.debug_line</name>
         <load_address>0x0</load_address>
         <run_address>0x0</run_address>
         <size>0xcf</size>
         <input_file_ref idref="fl-2"/>
      </object_component>
      <object_component id="oc-8b">
         <name>.debug_line</name>
         <load_address>0xcf</load_address>
         <run_address>0xcf</run_address>
         <size>0x6a</size>
         <input_file_ref idref="fl-2"/>
      </object_component>
      <object_component id="oc-102">
         <name>.debug_line</name>
         <load_address>0x139</load_address>
         <run_address>0x139</run_address>
         <size>0x6f</size>
         <input_file_ref idref="fl-2"/>
      </object_component>
      <object_component id="oc-f6">
         <name>.debug_line</name>
         <load_address>0x1a8</load_address>
         <run_address>0x1a8</run_address>
         <size>0x20</size>
         <input_file_ref idref="fl-2"/>
      </object_component>
      <object_component id="oc-20b">
         <name>.debug_line</name>
         <load_address>0x1c8</load_address>
         <run_address>0x1c8</run_address>
         <size>0x73</size>
         <input_file_ref idref="fl-2"/>
      </object_component>
      <object_component id="oc-fb">
         <name>.debug_line</name>
         <load_address>0x23b</load_address>
         <run_address>0x23b</run_address>
         <size>0x70</size>
         <input_file_ref idref="fl-2"/>
      </object_component>
      <object_component id="oc-217">
         <name>.debug_line</name>
         <load_address>0x2ab</load_address>
         <run_address>0x2ab</run_address>
         <size>0x6b</size>
         <input_file_ref idref="fl-2"/>
      </object_component>
      <object_component id="oc-29c">
         <name>.debug_line</name>
         <load_address>0x316</load_address>
         <run_address>0x316</run_address>
         <size>0xbc</size>
         <input_file_ref idref="fl-3"/>
      </object_component>
      <object_component id="oc-298">
         <name>.debug_line</name>
         <load_address>0x3d2</load_address>
         <run_address>0x3d2</run_address>
         <size>0x2e</size>
         <input_file_ref idref="fl-3"/>
      </object_component>
      <object_component id="oc-29a">
         <name>.debug_line</name>
         <load_address>0x400</load_address>
         <run_address>0x400</run_address>
         <size>0x2e</size>
         <input_file_ref idref="fl-3"/>
      </object_component>
      <object_component id="oc-a3">
         <name>.debug_line</name>
         <load_address>0x42e</load_address>
         <run_address>0x42e</run_address>
         <size>0x114</size>
         <input_file_ref idref="fl-3"/>
      </object_component>
      <object_component id="oc-294">
         <name>.debug_line</name>
         <load_address>0x542</load_address>
         <run_address>0x542</run_address>
         <size>0x20</size>
         <input_file_ref idref="fl-4"/>
      </object_component>
      <object_component id="oc-292">
         <name>.debug_line</name>
         <load_address>0x562</load_address>
         <run_address>0x562</run_address>
         <size>0x2e</size>
         <input_file_ref idref="fl-4"/>
      </object_component>
      <object_component id="oc-9f">
         <name>.debug_line</name>
         <load_address>0x590</load_address>
         <run_address>0x590</run_address>
         <size>0x118</size>
         <input_file_ref idref="fl-4"/>
      </object_component>
      <object_component id="oc-3c">
         <name>.debug_line</name>
         <load_address>0x6a8</load_address>
         <run_address>0x6a8</run_address>
         <size>0x20</size>
         <input_file_ref idref="fl-4"/>
      </object_component>
      <object_component id="oc-27a">
         <name>.debug_line</name>
         <load_address>0x6c8</load_address>
         <run_address>0x6c8</run_address>
         <size>0xdc</size>
         <input_file_ref idref="fl-5"/>
      </object_component>
      <object_component id="oc-90">
         <name>.debug_line</name>
         <load_address>0x7a4</load_address>
         <run_address>0x7a4</run_address>
         <size>0x85</size>
         <input_file_ref idref="fl-5"/>
      </object_component>
      <object_component id="oc-290">
         <name>.debug_line</name>
         <load_address>0x829</load_address>
         <run_address>0x829</run_address>
         <size>0xde</size>
         <input_file_ref idref="fl-6"/>
      </object_component>
      <object_component id="oc-96">
         <name>.debug_line</name>
         <load_address>0x907</load_address>
         <run_address>0x907</run_address>
         <size>0xc7</size>
         <input_file_ref idref="fl-6"/>
      </object_component>
      <object_component id="oc-205">
         <name>.debug_line</name>
         <load_address>0x9ce</load_address>
         <run_address>0x9ce</run_address>
         <size>0x150</size>
         <input_file_ref idref="fl-7"/>
      </object_component>
      <object_component id="oc-207">
         <name>.debug_line</name>
         <load_address>0xb1e</load_address>
         <run_address>0xb1e</run_address>
         <size>0x2d</size>
         <input_file_ref idref="fl-7"/>
      </object_component>
      <object_component id="oc-2b">
         <name>.debug_line</name>
         <load_address>0xb4b</load_address>
         <run_address>0xb4b</run_address>
         <size>0xde</size>
         <input_file_ref idref="fl-7"/>
      </object_component>
      <object_component id="oc-fe">
         <name>.debug_line</name>
         <load_address>0xc29</load_address>
         <run_address>0xc29</run_address>
         <size>0x4e</size>
         <input_file_ref idref="fl-8"/>
      </object_component>
      <object_component id="oc-31">
         <name>.debug_line</name>
         <load_address>0xc77</load_address>
         <run_address>0xc77</run_address>
         <size>0x41</size>
         <input_file_ref idref="fl-8"/>
      </object_component>
      <object_component id="oc-25">
         <name>.debug_line</name>
         <load_address>0xcb8</load_address>
         <run_address>0xcb8</run_address>
         <size>0xa1</size>
         <input_file_ref idref="fl-8"/>
      </object_component>
      <object_component id="oc-2c7">
         <name>.debug_line</name>
         <load_address>0xd59</load_address>
         <run_address>0xd59</run_address>
         <size>0xde</size>
         <input_file_ref idref="fl-e"/>
      </object_component>
      <object_component id="oc-157">
         <name>.debug_line</name>
         <load_address>0xe37</load_address>
         <run_address>0xe37</run_address>
         <size>0xa7</size>
         <input_file_ref idref="fl-e"/>
      </object_component>
      <object_component id="oc-15d">
         <name>.debug_line</name>
         <load_address>0xede</load_address>
         <run_address>0xede</run_address>
         <size>0x91</size>
         <input_file_ref idref="fl-e"/>
      </object_component>
      <object_component id="oc-17d">
         <name>.debug_line</name>
         <load_address>0xf6f</load_address>
         <run_address>0xf6f</run_address>
         <size>0x9c</size>
         <input_file_ref idref="fl-e"/>
      </object_component>
      <object_component id="oc-153">
         <name>.debug_line</name>
         <load_address>0x100b</load_address>
         <run_address>0x100b</run_address>
         <size>0xa4</size>
         <input_file_ref idref="fl-e"/>
      </object_component>
      <object_component id="oc-16f">
         <name>.debug_line</name>
         <load_address>0x10af</load_address>
         <run_address>0x10af</run_address>
         <size>0x91</size>
         <input_file_ref idref="fl-e"/>
      </object_component>
      <object_component id="oc-174">
         <name>.debug_line</name>
         <load_address>0x1140</load_address>
         <run_address>0x1140</run_address>
         <size>0x9b</size>
         <input_file_ref idref="fl-e"/>
      </object_component>
      <object_component id="oc-162">
         <name>.debug_line</name>
         <load_address>0x11db</load_address>
         <run_address>0x11db</run_address>
         <size>0x92</size>
         <input_file_ref idref="fl-e"/>
      </object_component>
      <object_component id="oc-168">
         <name>.debug_line</name>
         <load_address>0x126d</load_address>
         <run_address>0x126d</run_address>
         <size>0x91</size>
         <input_file_ref idref="fl-e"/>
      </object_component>
      <object_component id="oc-135">
         <name>.debug_line</name>
         <load_address>0x12fe</load_address>
         <run_address>0x12fe</run_address>
         <size>0x69</size>
         <input_file_ref idref="fl-e"/>
      </object_component>
      <object_component id="oc-265">
         <name>.debug_line</name>
         <load_address>0x1367</load_address>
         <run_address>0x1367</run_address>
         <size>0x82</size>
         <input_file_ref idref="fl-f"/>
      </object_component>
      <object_component id="oc-2cb">
         <name>.debug_line</name>
         <load_address>0x13e9</load_address>
         <run_address>0x13e9</run_address>
         <size>0x7d</size>
         <input_file_ref idref="fl-f"/>
      </object_component>
      <object_component id="oc-87">
         <name>.debug_line</name>
         <load_address>0x1466</load_address>
         <run_address>0x1466</run_address>
         <size>0x92</size>
         <input_file_ref idref="fl-f"/>
      </object_component>
      <object_component id="oc-143">
         <name>.debug_line</name>
         <load_address>0x14f8</load_address>
         <run_address>0x14f8</run_address>
         <size>0x95</size>
         <input_file_ref idref="fl-f"/>
      </object_component>
      <object_component id="oc-13d">
         <name>.debug_line</name>
         <load_address>0x158d</load_address>
         <run_address>0x158d</run_address>
         <size>0xd1</size>
         <input_file_ref idref="fl-f"/>
      </object_component>
      <object_component id="oc-1ae">
         <name>.debug_line</name>
         <load_address>0x165e</load_address>
         <run_address>0x165e</run_address>
         <size>0x93</size>
         <input_file_ref idref="fl-f"/>
      </object_component>
      <object_component id="oc-186">
         <name>.debug_line</name>
         <load_address>0x16f1</load_address>
         <run_address>0x16f1</run_address>
         <size>0x93</size>
         <input_file_ref idref="fl-f"/>
      </object_component>
      <object_component id="oc-81">
         <name>.debug_line</name>
         <load_address>0x1784</load_address>
         <run_address>0x1784</run_address>
         <size>0x99</size>
         <input_file_ref idref="fl-f"/>
      </object_component>
      <object_component id="oc-14c">
         <name>.debug_line</name>
         <load_address>0x181d</load_address>
         <run_address>0x181d</run_address>
         <size>0x93</size>
         <input_file_ref idref="fl-f"/>
      </object_component>
      <object_component id="oc-1a8">
         <name>.debug_line</name>
         <load_address>0x18b0</load_address>
         <run_address>0x18b0</run_address>
         <size>0xa7</size>
         <input_file_ref idref="fl-f"/>
      </object_component>
      <object_component id="oc-2a5">
         <name>.debug_line</name>
         <load_address>0x1957</load_address>
         <run_address>0x1957</run_address>
         <size>0x7c</size>
         <input_file_ref idref="fl-10"/>
      </object_component>
      <object_component id="oc-2a3">
         <name>.debug_line</name>
         <load_address>0x19d3</load_address>
         <run_address>0x19d3</run_address>
         <size>0x82</size>
         <input_file_ref idref="fl-10"/>
      </object_component>
      <object_component id="oc-bb">
         <name>.debug_line</name>
         <load_address>0x1a55</load_address>
         <run_address>0x1a55</run_address>
         <size>0x97</size>
         <input_file_ref idref="fl-10"/>
      </object_component>
      <object_component id="oc-cd">
         <name>.debug_line</name>
         <load_address>0x1aec</load_address>
         <run_address>0x1aec</run_address>
         <size>0xc2</size>
         <input_file_ref idref="fl-10"/>
      </object_component>
      <object_component id="oc-2c9">
         <name>.debug_line</name>
         <load_address>0x1bae</load_address>
         <run_address>0x1bae</run_address>
         <size>0x82</size>
         <input_file_ref idref="fl-11"/>
      </object_component>
      <object_component id="oc-192">
         <name>.debug_line</name>
         <load_address>0x1c30</load_address>
         <run_address>0x1c30</run_address>
         <size>0x91</size>
         <input_file_ref idref="fl-11"/>
      </object_component>
      <object_component id="oc-198">
         <name>.debug_line</name>
         <load_address>0x1cc1</load_address>
         <run_address>0x1cc1</run_address>
         <size>0x94</size>
         <input_file_ref idref="fl-11"/>
      </object_component>
      <object_component id="oc-18c">
         <name>.debug_line</name>
         <load_address>0x1d55</load_address>
         <run_address>0x1d55</run_address>
         <size>0xa3</size>
         <input_file_ref idref="fl-11"/>
      </object_component>
      <object_component id="oc-19f">
         <name>.debug_line</name>
         <load_address>0x1df8</load_address>
         <run_address>0x1df8</run_address>
         <size>0x91</size>
         <input_file_ref idref="fl-11"/>
      </object_component>
      <object_component id="oc-25c">
         <name>.debug_line</name>
         <load_address>0x1e89</load_address>
         <run_address>0x1e89</run_address>
         <size>0x13d</size>
         <input_file_ref idref="fl-12"/>
      </object_component>
      <object_component id="oc-2cd">
         <name>.debug_line</name>
         <load_address>0x1fc6</load_address>
         <run_address>0x1fc6</run_address>
         <size>0x7f</size>
         <input_file_ref idref="fl-12"/>
      </object_component>
      <object_component id="oc-b8">
         <name>.debug_line</name>
         <load_address>0x2045</load_address>
         <run_address>0x2045</run_address>
         <size>0x94</size>
         <input_file_ref idref="fl-12"/>
      </object_component>
      <object_component id="oc-7b">
         <name>.debug_line</name>
         <load_address>0x20d9</load_address>
         <run_address>0x20d9</run_address>
         <size>0x94</size>
         <input_file_ref idref="fl-12"/>
      </object_component>
      <object_component id="oc-75">
         <name>.debug_line</name>
         <load_address>0x216d</load_address>
         <run_address>0x216d</run_address>
         <size>0xee</size>
         <input_file_ref idref="fl-12"/>
      </object_component>
      <object_component id="oc-1b4">
         <name>.debug_line</name>
         <load_address>0x225b</load_address>
         <run_address>0x225b</run_address>
         <size>0x11a</size>
         <input_file_ref idref="fl-12"/>
      </object_component>
      <object_component id="oc-260">
         <name>.debug_line</name>
         <load_address>0x2375</load_address>
         <run_address>0x2375</run_address>
         <size>0x7f</size>
         <input_file_ref idref="fl-12"/>
      </object_component>
      <object_component id="oc-2a1">
         <name>.debug_line</name>
         <load_address>0x23f4</load_address>
         <run_address>0x23f4</run_address>
         <size>0x82</size>
         <input_file_ref idref="fl-13"/>
      </object_component>
      <object_component id="oc-c8">
         <name>.debug_line</name>
         <load_address>0x2476</load_address>
         <run_address>0x2476</run_address>
         <size>0x9c</size>
         <input_file_ref idref="fl-13"/>
      </object_component>
      <object_component id="oc-d6">
         <name>.debug_line</name>
         <load_address>0x2512</load_address>
         <run_address>0x2512</run_address>
         <size>0x93</size>
         <input_file_ref idref="fl-13"/>
      </object_component>
      <object_component id="oc-e8">
         <name>.debug_line</name>
         <load_address>0x25a5</load_address>
         <run_address>0x25a5</run_address>
         <size>0x93</size>
         <input_file_ref idref="fl-13"/>
      </object_component>
      <object_component id="oc-dd">
         <name>.debug_line</name>
         <load_address>0x2638</load_address>
         <run_address>0x2638</run_address>
         <size>0x93</size>
         <input_file_ref idref="fl-13"/>
      </object_component>
      <object_component id="oc-e2">
         <name>.debug_line</name>
         <load_address>0x26cb</load_address>
         <run_address>0x26cb</run_address>
         <size>0x93</size>
         <input_file_ref idref="fl-13"/>
      </object_component>
      <object_component id="oc-c5">
         <name>.debug_line</name>
         <load_address>0x275e</load_address>
         <run_address>0x275e</run_address>
         <size>0xb7</size>
         <input_file_ref idref="fl-13"/>
      </object_component>
      <object_component id="oc-29e">
         <name>.debug_line</name>
         <load_address>0x2815</load_address>
         <run_address>0x2815</run_address>
         <size>0x82</size>
         <input_file_ref idref="fl-14"/>
      </object_component>
      <object_component id="oc-1c1">
         <name>.debug_line</name>
         <load_address>0x2897</load_address>
         <run_address>0x2897</run_address>
         <size>0x92</size>
         <input_file_ref idref="fl-14"/>
      </object_component>
      <object_component id="oc-1c7">
         <name>.debug_line</name>
         <load_address>0x2929</load_address>
         <run_address>0x2929</run_address>
         <size>0x93</size>
         <input_file_ref idref="fl-14"/>
      </object_component>
      <object_component id="oc-289">
         <name>.debug_line</name>
         <load_address>0x29bc</load_address>
         <run_address>0x29bc</run_address>
         <size>0x96</size>
         <input_file_ref idref="fl-14"/>
      </object_component>
      <object_component id="oc-1bb">
         <name>.debug_line</name>
         <load_address>0x2a52</load_address>
         <run_address>0x2a52</run_address>
         <size>0xb3</size>
         <input_file_ref idref="fl-14"/>
      </object_component>
      <object_component id="oc-ad">
         <name>.debug_line</name>
         <load_address>0x2b05</load_address>
         <run_address>0x2b05</run_address>
         <size>0x92</size>
         <input_file_ref idref="fl-14"/>
      </object_component>
      <object_component id="oc-1cd">
         <name>.debug_line</name>
         <load_address>0x2b97</load_address>
         <run_address>0x2b97</run_address>
         <size>0x93</size>
         <input_file_ref idref="fl-14"/>
      </object_component>
      <object_component id="oc-b3">
         <name>.debug_line</name>
         <load_address>0x2c2a</load_address>
         <run_address>0x2c2a</run_address>
         <size>0x93</size>
         <input_file_ref idref="fl-14"/>
      </object_component>
      <object_component id="oc-1d3">
         <name>.debug_line</name>
         <load_address>0x2cbd</load_address>
         <run_address>0x2cbd</run_address>
         <size>0x92</size>
         <input_file_ref idref="fl-14"/>
      </object_component>
      <object_component id="oc-1f6">
         <name>.debug_line</name>
         <load_address>0x2d4f</load_address>
         <run_address>0x2d4f</run_address>
         <size>0x91</size>
         <input_file_ref idref="fl-15"/>
      </object_component>
      <object_component id="oc-21a">
         <name>.debug_line</name>
         <load_address>0x2de0</load_address>
         <run_address>0x2de0</run_address>
         <size>0x92</size>
         <input_file_ref idref="fl-cb"/>
      </object_component>
      <object_component id="oc-52">
         <name>.debug_line</name>
         <load_address>0x2e72</load_address>
         <run_address>0x2e72</run_address>
         <size>0x4f</size>
         <input_file_ref idref="fl-cb"/>
      </object_component>
      <object_component id="oc-116">
         <name>.debug_line</name>
         <load_address>0x2ec1</load_address>
         <run_address>0x2ec1</run_address>
         <size>0x34</size>
         <input_file_ref idref="fl-cb"/>
      </object_component>
      <object_component id="oc-111">
         <name>.debug_line</name>
         <load_address>0x2ef5</load_address>
         <run_address>0x2ef5</run_address>
         <size>0x20</size>
         <input_file_ref idref="fl-cc"/>
      </object_component>
      <object_component id="oc-1a">
         <name>.debug_line</name>
         <load_address>0x2f15</load_address>
         <run_address>0x2f15</run_address>
         <size>0x55</size>
         <input_file_ref idref="fl-cc"/>
      </object_component>
      <object_component id="oc-47">
         <name>.debug_line</name>
         <load_address>0x2f6a</load_address>
         <run_address>0x2f6a</run_address>
         <size>0x3a</size>
         <input_file_ref idref="fl-cc"/>
      </object_component>
      <object_component id="oc-10e">
         <name>.debug_line</name>
         <load_address>0x2fa4</load_address>
         <run_address>0x2fa4</run_address>
         <size>0x92</size>
         <input_file_ref idref="fl-cc"/>
      </object_component>
      <object_component id="oc-213">
         <name>.debug_line</name>
         <load_address>0x3036</load_address>
         <run_address>0x3036</run_address>
         <size>0x20</size>
         <input_file_ref idref="fl-cd"/>
      </object_component>
      <object_component id="oc-14">
         <name>.debug_line</name>
         <load_address>0x3056</load_address>
         <run_address>0x3056</run_address>
         <size>0xa9</size>
         <input_file_ref idref="fl-cd"/>
      </object_component>
      <object_component id="oc-37">
         <name>.debug_line</name>
         <load_address>0x30ff</load_address>
         <run_address>0x30ff</run_address>
         <size>0x3a</size>
         <input_file_ref idref="fl-cd"/>
      </object_component>
      <object_component id="oc-210">
         <name>.debug_line</name>
         <load_address>0x3139</load_address>
         <run_address>0x3139</run_address>
         <size>0x9a</size>
         <input_file_ref idref="fl-cd"/>
      </object_component>
      <object_component id="oc-107">
         <name>.debug_line</name>
         <load_address>0x31d3</load_address>
         <run_address>0x31d3</run_address>
         <size>0x96</size>
         <input_file_ref idref="fl-cd"/>
      </object_component>
      <object_component id="oc-2d0">
         <name>.debug_line</name>
         <load_address>0x3269</load_address>
         <run_address>0x3269</run_address>
         <size>0x20</size>
         <input_file_ref idref="fl-ce"/>
      </object_component>
      <object_component id="oc-1de">
         <name>.debug_line</name>
         <load_address>0x3289</load_address>
         <run_address>0x3289</run_address>
         <size>0xb2</size>
         <input_file_ref idref="fl-ce"/>
      </object_component>
      <object_component id="oc-6f">
         <name>.debug_line</name>
         <load_address>0x333b</load_address>
         <run_address>0x333b</run_address>
         <size>0x33</size>
         <input_file_ref idref="fl-cf"/>
      </object_component>
      <object_component id="oc-61">
         <name>.debug_line</name>
         <load_address>0x336e</load_address>
         <run_address>0x336e</run_address>
         <size>0x45</size>
         <input_file_ref idref="fl-cf"/>
      </object_component>
      <object_component id="oc-11d">
         <name>.debug_line</name>
         <load_address>0x33b3</load_address>
         <run_address>0x33b3</run_address>
         <size>0x79</size>
         <input_file_ref idref="fl-d0"/>
      </object_component>
      <object_component id="oc-42">
         <name>.debug_line</name>
         <load_address>0x342c</load_address>
         <run_address>0x342c</run_address>
         <size>0x88</size>
         <input_file_ref idref="fl-d1"/>
      </object_component>
[...]
         <usage_details>
            <allocated_space>
               <start_address>0x20000000</start_address>
               <size>0x4024</size>
               <logical_group_ref idref="lg-b"/>
            </allocated_space>
            <available_space>
               <start_address>0x20004024</start_address>
               <size>0x4</size>
            </available_space>
            <allocated_space>
               <start_address>0x20004028</start_address>
               <size>0x200</size>
               <logical_group_ref idref="lg-d"/>
            </allocated_space>
            <allocated_space>
               <start_address>0x20004228</start_address>
               <size>0x118</size>
               <logical_group_ref idref="lg-a"/>
            </allocated_space>
            <available_space>
               <start_address>0x20004340</start_address>
               <size>0x3cc0</size>
            </available_space>
         </usage_details>
      </memory_area>
   </placement_map>
   <cptbl_list>
      <cptbl>
         <name>__TI_cinit_table</name>
         <cprec>
            <name>.data</name>
            <load_address>0x1888</load_address>
            <load_size>0x120</load_size>
            <run_address>0x20004228</run_address>
            <run_size>0x118</run_size>
            <compression>copy</compression>
         </cprec>
         <cprec>
            <name>.bss</name>
            <load_address>0x19b8</load_address>
            <load_size>0x8</load_size>
            <run_address>0x20000000</run_address>
            <run_size>0x4024</run_size>
            <compression>zero_init</compression>
         </cprec>
      </cptbl>
   </cptbl_list>
   <handler_table>
      <handler_table_name>__TI_handler_table</handler_table_name>
      <handler>
         <index>0x0</index>
         <name>__TI_decompress_lzss</name>
      </handler>
      <handler>
         <index>0x1</index>
         <name>__TI_decompress_none</name>
      </handler>
      <handler>
         <index>0x2</index>
         <name>__TI_zero_init</name>
      </handler>
   </handler_table>
   <symbol_table>
      <symbol id="sm-1">
         <name>__STACK_TOP</name>
         <value>0x20004228</value>
      </symbol>
      <symbol id="sm-2">
         <name>__TI_CINIT_Base</name>
         <value>0x19c0</value>
      </symbol>
      <symbol id="sm-3">
         <name>__TI_CINIT_Limit</name>
         <value>0x19d0</value>
      </symbol>
      <symbol id="sm-4">
         <name>__TI_Handler_Table_Base</name>
         <value>0x19a8</value>
      </symbol>
      <symbol id="sm-5">
         <name>__TI_Handler_Table_Limit</name>
         <value>0x19b4</value>
      </symbol>
      <symbol id="sm-6">
         <name>binit</name>
         <value>0xffffffff</value>
      </symbol>
      <symbol id="sm-7">
         <name>__binit__</name>
         <value>0xffffffff</value>
      </symbol>
      <symbol id="sm-8">
         <name>__STACK_SIZE</name>
         <value>0x200</value>
      </symbol>
      <symbol id="sm-9">
         <name>__STACK_END</name>
         <value>0x20004228</value>
      </symbol>
      <symbol id="sm-a">
         <name>__c_args__</name>
         <value>0xffffffff</value>
      </symbol>
      <symbol id="sm-b">
         <name>__TI_pprof_out_hndl</name>
         <value>0xffffffff</value>
      </symbol>
      <symbol id="sm-c">
         <name>__TI_prof_data_start</name>
         <value>0xffffffff</value>
      </symbol>
      <symbol id="sm-d">
         <name>__TI_prof_data_size</name>
         <value>0xffffffff</value>
      </symbol>
      <symbol id="sm-51">
         <name>ADCValue_0</name>
         <value>0x20004010</value>
      </symbol>
      <symbol id="sm-52">
         <name>ADC_Get_Data</name>
         <value>0x107d</value>
         <object_component_ref idref="oc-89"/>
      </symbol>
      <symbol id="sm-53">
         <name>ADC_Init</name>
         <value>0x1035</value>
         <object_component_ref idref="oc-89"/>
      </symbol>
      <symbol id="sm-9c">
         <name>encryption_key</name>
         <value>0x20004000</value>
      </symbol>
      <symbol id="sm-9d">
         <name>sbox</name>
         <value>0x20004228</value>
         <object_component_ref idref="oc-1e3"/>
      </symbol>
      <symbol id="sm-9e">
         <name>transmit_sbox_rcon</name>
         <value>0x26d</value>
         <object_component_ref idref="oc-a2"/>
      </symbol>
      <symbol id="sm-9f">
         <name>password_init</name>
         <value>0x4a9</value>
         <object_component_ref idref="oc-a2"/>
      </symbol>
      <symbol id="sm-a0">
         <name>password_check</name>
         <value>0x3a1</value>
         <object_component_ref idref="oc-a2"/>
      </symbol>
      <symbol id="sm-a1">
         <name>receive_and_transmit_encrpytion_key</name>
         <value>0x2cd</value>
         <object_component_ref idref="oc-a2"/>
      </symbol>
      <symbol id="sm-a2">
         <name>rcon</name>
         <value>0x20004334</value>
         <object_component_ref idref="oc-1e6"/>
      </symbol>
      <symbol id="sm-d6">
         <name>flashKey_</name>
         <value>0x2000433e</value>
         <object_component_ref idref="oc-1d8"/>
      </symbol>
      <symbol id="sm-d7">
         <name>Flash_Read</name>
         <value>0x7ad</value>
         <object_component_ref idref="oc-9b"/>
      </symbol>
      <symbol id="sm-d8">
         <name>Flash_Enable</name>
         <value>0x6a9</value>
         <object_component_ref idref="oc-9b"/>
      </symbol>
      <symbol id="sm-d9">
         <name>Flash_Erase</name>
         <value>0x6c5</value>
         <object_component_ref idref="oc-9b"/>
      </symbol>
      <symbol id="sm-da">
         <name>NoLongerFirstTime</name>
         <value>0x7e5</value>
         <object_component_ref idref="oc-9b"/>
      </symbol>
      <symbol id="sm-db">
         <name>Flash_Write</name>
         <value>0x729</value>
         <object_component_ref idref="oc-9b"/>
      </symbol>
      <symbol id="sm-f7">
         <name>SSI_TX</name>
         <value>0x20004014</value>
      </symbol>
      <symbol id="sm-f8">
         <name>SPI_send</name>
         <value>0xdeb</value>
         <object_component_ref idref="oc-8f"/>
      </symbol>
      <symbol id="sm-f9">
         <name>Store_to_SSI_Buffer</name>
         <value>0xe41</value>
         <object_component_ref idref="oc-8f"/>
      </symbol>
      <symbol id="sm-fa">
         <name>SSI_Init</name>
         <value>0xda1</value>
         <object_component_ref idref="oc-8f"/>
      </symbol>
      <symbol id="sm-11c">
         <name>uartTX</name>
         <value>0x20004020</value>
      </symbol>
      <symbol id="sm-11d">
         <name>UART_Transmission</name>
         <value>0xc13</value>
         <object_component_ref idref="oc-95"/>
      </symbol>
      <symbol id="sm-11e">
         <name>UARTSend</name>
         <value>0xc35</value>
         <object_component_ref idref="oc-95"/>
      </symbol>
      <symbol id="sm-11f">
         <name>UART7_Init</name>
         <value>0xb65</value>
         <object_component_ref idref="oc-95"/>
      </symbol>
      <symbol id="sm-120">
         <name>UART0_Init</name>
         <value>0xba7</value>
         <object_component_ref idref="oc-95"/>
      </symbol>
      <symbol id="sm-121">
         <name>Convert_for_UART</name>
         <value>0xbed</value>
         <object_component_ref idref="oc-95"/>
      </symbol>
      <symbol id="sm-14f">
         <name>uartRXindex</name>
         <value>0x2000401c</value>
      </symbol>
      <symbol id="sm-150">
         <name>uartRX</name>
         <value>0x20004018</value>
      </symbol>
      <symbol id="sm-151">
         <name>SSI_send_buffer</name>
         <value>0x20000000</value>
      </symbol>
      <symbol id="sm-152">
         <name>Timer1AInt</name>
         <value>0x9d5</value>
         <object_component_ref idref="oc-2a"/>
      </symbol>
      <symbol id="sm-153">
         <name>tail_index</name>
         <value>0x20004328</value>
         <object_component_ref idref="oc-ed"/>
      </symbol>
      <symbol id="sm-154">
         <name>timer_init</name>
         <value>0x993</value>
         <object_component_ref idref="oc-2a"/>
      </symbol>
      <symbol id="sm-155">
         <name>main</name>
         <value>0x86d</value>
         <object_component_ref idref="oc-2a"/>
      </symbol>
      <symbol id="sm-156">
         <name>int_count</name>
         <value>0x2000432c</value>
         <object_component_ref idref="oc-ed"/>
      </symbol>
      <symbol id="sm-157">
         <name>head_index</name>
         <value>0x20004330</value>
         <object_component_ref idref="oc-ed"/>
      </symbol>
      <symbol id="sm-173">
         <name>ResetISR</name>
         <value>0x16a1</value>
         <object_component_ref idref="oc-24"/>
      </symbol>
      <symbol id="sm-174">
         <name>g_pfnVectors</name>
         <value>0x0</value>
         <object_component_ref idref="oc-f"/>
      </symbol>
      <symbol id="sm-1c7">
         <name>ADCProcessorTrigger</name>
         <value>0x1577</value>
         <object_component_ref idref="oc-16c"/>
      </symbol>
      <symbol id="sm-1c8">
         <name>ADCSequenceEnable</name>
         <value>0x1651</value>
         <object_component_ref idref="oc-15a"/>
      </symbol>
      <symbol id="sm-1c9">
         <name>ADCSequenceConfigure</name>
         <value>0x12e1</value>
         <object_component_ref idref="oc-14e"/>
      </symbol>
      <symbol id="sm-1ca">
         <name>ADCIntEnable</name>
         <value>0x1631</value>
         <object_component_ref idref="oc-160"/>
      </symbol>
      <symbol id="sm-1cb">
         <name>ADCSequenceStepConfigure</name>
         <value>0x10bd</value>
         <object_component_ref idref="oc-154"/>
      </symbol>
      <symbol id="sm-1cc">
         <name>ADCIntClear</name>
         <value>0x16ad</value>
         <object_component_ref idref="oc-166"/>
      </symbol>
      <symbol id="sm-1cd">
         <name>ADCIntStatus</name>
         <value>0x14e1</value>
         <object_component_ref idref="oc-172"/>
      </symbol>
      <symbol id="sm-1ce">
         <name>ADCSequenceDataGet</name>
         <value>0x1559</value>
         <object_component_ref idref="oc-178"/>
      </symbol>
      <symbol id="sm-220">
         <name>GPIOPinConfigure</name>
         <value>0x1331</value>
         <object_component_ref idref="oc-1a4"/>
      </symbol>
      <symbol id="sm-221">
         <name>GPIOPinTypeADC</name>
         <value>0x15e9</value>
         <object_component_ref idref="oc-148"/>
      </symbol>
      <symbol id="sm-222">
         <name>GPIOPinTypeUART</name>
         <value>0x160d</value>
         <object_component_ref idref="oc-1aa"/>
      </symbol>
      <symbol id="sm-223">
         <name>GPIOPinTypeGPIOOutput</name>
         <value>0x158f</value>
         <object_component_ref idref="oc-7d"/>
      </symbol>
      <symbol id="sm-224">
         <name>GPIODirModeSet</name>
         <value>0x150f</value>
         <object_component_ref idref="oc-13f"/>
      </symbol>
      <symbol id="sm-225">
         <name>GPIOPinWrite</name>
         <value>0x1701</value>
         <object_component_ref idref="oc-83"/>
      </symbol>
      <symbol id="sm-226">
         <name>GPIOPadConfigSet</name>
         <value>0xa31</value>
         <object_component_ref idref="oc-139"/>
      </symbol>
      <symbol id="sm-227">
         <name>GPIOPinTypeSSI</name>
         <value>0x15fb</value>
         <object_component_ref idref="oc-182"/>
      </symbol>
      <symbol id="sm-257">
         <name>IntEnable</name>
         <value>0x11b1</value>
         <object_component_ref idref="oc-cc"/>
      </symbol>
      <symbol id="sm-258">
         <name>IntMasterEnable</name>
         <value>0x1641</value>
         <object_component_ref idref="oc-ba"/>
      </symbol>
      <symbol id="sm-27f">
         <name>SSIDataPut</name>
         <value>0x16b7</value>
         <object_component_ref idref="oc-194"/>
      </symbol>
      <symbol id="sm-280">
         <name>SSIConfigSetExpClk</name>
         <value>0x1405</value>
         <object_component_ref idref="oc-188"/>
      </symbol>
      <symbol id="sm-281">
         <name>SSIEnable</name>
         <value>0x16c1</value>
         <object_component_ref idref="oc-18e"/>
      </symbol>
      <symbol id="sm-282">
         <name>SSIBusy</name>
         <value>0x16e9</value>
         <object_component_ref idref="oc-19a"/>
      </symbol>
      <symbol id="sm-2df">
         <name>SysCtlClockSet</name>
         <value>0xea5</value>
         <object_component_ref idref="oc-71"/>
      </symbol>
      <symbol id="sm-2e0">
         <name>SysCtlDelay</name>
         <value>0x1707</value>
         <object_component_ref idref="oc-a1"/>
      </symbol>
      <symbol id="sm-2e1">
         <name>SysCtlPeripheralEnable</name>
         <value>0x1479</value>
         <object_component_ref idref="oc-77"/>
      </symbol>
      <symbol id="sm-2e2">
         <name>SysCtlClockGet</name>
         <value>0xc91</value>
         <object_component_ref idref="oc-1b0"/>
      </symbol>
      <symbol id="sm-2e3">
         <name>SysCtlPeripheralReady</name>
         <value>0x1441</value>
         <object_component_ref idref="oc-b4"/>
      </symbol>
      <symbol id="sm-321">
         <name>TimerLoadSet</name>
         <value>0x161f</value>
         <object_component_ref idref="oc-c6"/>
      </symbol>
      <symbol id="sm-322">
         <name>TimerDisable</name>
         <value>0x15a9</value>
         <object_component_ref idref="oc-de"/>
      </symbol>
      <symbol id="sm-323">
         <name>TimerEnable</name>
         <value>0x165f</value>
         <object_component_ref idref="oc-d8"/>
      </symbol>
      <symbol id="sm-324">
         <name>TimerIntEnable</name>
         <value>0x16f1</value>
         <object_component_ref idref="oc-d2"/>
      </symbol>
      <symbol id="sm-325">
         <name>TimerConfigure</name>
         <value>0x1281</value>
         <object_component_ref idref="oc-c0"/>
      </symbol>
      <symbol id="sm-326">
         <name>TimerIntClear</name>
         <value>0x170d</value>
         <object_component_ref idref="oc-e4"/>
      </symbol>
      <symbol id="sm-371">
         <name>UARTConfigSetExpClk</name>
         <value>0x1379</value>
         <object_component_ref idref="oc-1b6"/>
      </symbol>
      <symbol id="sm-372">
         <name>UARTDisable</name>
         <value>0x1539</value>
         <object_component_ref idref="oc-284"/>
      </symbol>
      <symbol id="sm-373">
         <name>UARTBusy</name>
         <value>0x16f9</value>
         <object_component_ref idref="oc-1ce"/>
      </symbol>
      <symbol id="sm-374">
         <name>UARTCharsAvail</name>
         <value>0x166d</value>
         <object_component_ref idref="oc-a8"/>
      </symbol>
      <symbol id="sm-375">
         <name>UARTCharPut</name>
         <value>0x16d5</value>
         <object_component_ref idref="oc-1c8"/>
      </symbol>
      <symbol id="sm-376">
         <name>UARTEnable</name>
         <value>0x15c1</value>
         <object_component_ref idref="oc-1c2"/>
      </symbol>
      <symbol id="sm-377">
         <name>UARTFIFOEnable</name>
         <value>0x16df</value>
         <object_component_ref idref="oc-1bc"/>
      </symbol>
      <symbol id="sm-378">
         <name>UARTCharGet</name>
         <value>0x16cb</value>
         <object_component_ref idref="oc-ae"/>
      </symbol>
      <symbol id="sm-382">
         <name>CPUcpsie</name>
         <value>0x1689</value>
         <object_component_ref idref="oc-1f1"/>
      </symbol>
      <symbol id="sm-394">
         <name>__TI_zero_init</name>
         <value>0x1695</value>
         <object_component_ref idref="oc-50"/>
      </symbol>
      <symbol id="sm-3ab">
         <name>__TI_decompress_none</name>
         <value>0x167b</value>
         <object_component_ref idref="oc-18"/>
      </symbol>
      <symbol id="sm-3ce">
         <name>__TI_decompress_lzss</name>
         <value>0x1219</value>
         <object_component_ref idref="oc-12"/>
      </symbol>
      <symbol id="sm-3dc">
         <name>strlen</name>
         <value>0x15d5</value>
         <object_component_ref idref="oc-1dd"/>
      </symbol>
      <symbol id="sm-3ef">
         <name>__stack</name>
         <value>0x20004028</value>
         <object_component_ref idref="oc-21"/>
      </symbol>
      <symbol id="sm-3f0">
         <name>_c_int00_noargs</name>
         <value>0x14ad</value>
         <object_component_ref idref="oc-5c"/>
      </symbol>
      <symbol id="sm-3ff">
         <name>__aeabi_memset</name>
         <value>0x1139</value>
         <object_component_ref idref="oc-119"/>
      </symbol>
      <symbol id="sm-400">
         <name>memset</name>
         <value>0x113f</value>
         <object_component_ref idref="oc-119"/>
      </symbol>
      <symbol id="sm-401">
         <name>__aeabi_memset8</name>
         <value>0x1139</value>
         <object_component_ref idref="oc-119"/>
      </symbol>
      <symbol id="sm-402">
         <name>__aeabi_memset4</name>
         <value>0x1139</value>
         <object_component_ref idref="oc-119"/>
      </symbol>
      <symbol id="sm-403">
         <name>__aeabi_memclr8</name>
         <value>0x1137</value>
         <object_component_ref idref="oc-119"/>
      </symbol>
      <symbol id="sm-404">
         <name>__aeabi_memclr4</name>
         <value>0x1137</value>
         <object_component_ref idref="oc-119"/>
      </symbol>
      <symbol id="sm-405">
         <name>__aeabi_memclr</name>
         <value>0x1137</value>
         <object_component_ref idref="oc-119"/>
      </symbol>
      <symbol id="sm-420">
         <name>memcpy</name>
         <value>0xf99</value>
         <object_component_ref idref="oc-3e"/>
      </symbol>
      <symbol id="sm-421">
         <name>__aeabi_memcpy</name>
         <value>0xf99</value>
         <object_component_ref idref="oc-3e"/>
      </symbol>
      <symbol id="sm-422">
         <name>__aeabi_memcpy8</name>
         <value>0xf99</value>
         <object_component_ref idref="oc-3e"/>
      </symbol>
      <symbol id="sm-423">
         <name>__aeabi_memcpy4</name>
         <value>0xf99</value>
         <object_component_ref idref="oc-3e"/>
      </symbol>
      <symbol id="sm-44b">
         <name>__TI_auto_init_nobinit_nopinit</name>
         <value>0x13c1</value>
         <object_component_ref idref="oc-229"/>
      </symbol>
      <symbol id="sm-455">
         <name>_system_pre_init</name>
         <value>0x1711</value>
         <object_component_ref idref="oc-11f"/>
      </symbol>
      <symbol id="sm-461">
         <name>C$$EXIT</name>
         <value>0x1715</value>
         <object_component_ref idref="oc-21d"/>
      </symbol>
      <symbol id="sm-462">
         <name>abort</name>
         <value>0x1715</value>
         <object_component_ref idref="oc-21d"/>
      </symbol>
      <symbol id="sm-465">
         <name>__TI_static_base__</name>
         <value>0x0</value>
      </symbol>
      <symbol id="sm-468">
         <name>__mpu_init</name>
         <value>0x0</value>
      </symbol>
      <symbol id="sm-469">
         <name>_system_post_cinit</name>
         <value>0x0</value>
      </symbol>
   </symbol_table>
   <title>Link successful</title>
</link_info>
